21:35:08 **** Incremental Build of configuration Debug for project 7-External-Interrupt ****
make -j4 all 
arm-none-eabi-gcc "../Core/Src/main.c" -mcpu=cortex-m4 -std=gnu11 -g3 -DDEBUG -DUSE_HAL_DRIVER -DSTM32G431xx -c -I../Core/Inc -I../Drivers/STM32G4xx_HAL_Driver/Inc -I../Drivers/STM32G4xx_HAL_Driver/Inc/Legacy -I../Drivers/CMSIS/Device/ST/STM32G4xx/Include -I../Drivers/CMSIS/Include -I../USB_Device/App -I../USB_Device/Target -I../Middlewares/ST/STM32_USB_Device_Library/Core/Inc -I../Middlewares/ST/STM32_USB_Device_Library/Class/DFU/Inc -O0 -ffunction-sections -fdata-sections -Wall -fstack-usage -fcyclomatic-complexity -MMD -MP -MF"Core/Src/main.d" -MT"Core/Src/main.o" --specs=nano.specs -mfpu=fpv4-sp-d16 -mfloat-abi=hard -mthumb -o "Core/Src/main.o"
arm-none-eabi-gcc -o "7-External-Interrupt.elf" @"objects.list"   -mcpu=cortex-m4 -T"C:\Users\leagu\STM32CubeIDE\workspace_1.16.1\7-External-Interrupt\STM32G431CBUX_FLASH.ld" --specs=nosys.specs -Wl,-Map="7-External-Interrupt.map" -Wl,--gc-sections -static --specs=nano.specs -mfpu=fpv4-sp-d16 -mfloat-abi=hard -mthumb -Wl,--start-group -lc -lm -Wl,--end-group
Finished building target: 7-External-Interrupt.elf
 
arm-none-eabi-size  7-External-Interrupt.elf 
arm-none-eabi-objdump -h -S 7-External-Interrupt.elf  > "7-External-Interrupt.list"
   text	   data	    bss	    dec	    hex	filename
  30560	    224	   4848	  35632	   8b30	7-External-Interrupt.elf
Finished building: default.size.stdout
 
Finished building: 7-External-Interrupt.list
 

21:35:09 Build Finished. 0 errors, 0 warnings. (took 1s.179ms)

