12:41:55 **** Incremental Build of configuration Debug for project 9-DAC ****
make -j4 all 
arm-none-eabi-gcc "../Core/Src/main.c" -mcpu=cortex-m4 -std=gnu11 -g3 -DDEBUG -DUSE_HAL_DRIVER -DSTM32G431xx -c -I../Core/Inc -I../Drivers/STM32G4xx_HAL_Driver/Inc -I../Drivers/STM32G4xx_HAL_Driver/Inc/Legacy -I../Drivers/CMSIS/Device/ST/STM32G4xx/Include -I../Drivers/CMSIS/Include -I"C:/Users/leagu/STM32CubeIDE/workspace_1.16.1/9-DAC/My_Drivers/Inc" -O0 -ffunction-sections -fdata-sections -Wall -fstack-usage -fcyclomatic-complexity -MMD -MP -MF"Core/Src/main.d" -MT"Core/Src/main.o" --specs=nano.specs -mfpu=fpv4-sp-d16 -mfloat-abi=hard -mthumb -o "Core/Src/main.o"
arm-none-eabi-gcc -o "9-DAC.elf" @"objects.list"   -mcpu=cortex-m4 -T"C:\Users\leagu\STM32CubeIDE\workspace_1.16.1\9-DAC\STM32G431CBUX_FLASH.ld" --specs=nosys.specs -Wl,-Map="9-DAC.map" -Wl,--gc-sections -static --specs=nano.specs -mfpu=fpv4-sp-d16 -mfloat-abi=hard -mthumb -Wl,--start-group -lc -lm -Wl,--end-group
Finished building target: 9-DAC.elf
 
arm-none-eabi-size  9-DAC.elf 
arm-none-eabi-objdump -h -S 9-DAC.elf  > "9-DAC.list"
   text	   data	    bss	    dec	    hex	filename
   7204	    268	   1588	   9060	   2364	9-DAC.elf
Finished building: default.size.stdout
 
Finished building: 9-DAC.list
 

12:41:56 Build Finished. 0 errors, 0 warnings. (took 1s.37ms)

