22:15:57 **** Incremental Build of configuration Debug for project ADCDENEM ****
make -j4 all 
arm-none-eabi-gcc "../Core/Src/main.c" -mcpu=cortex-m4 -std=gnu11 -g3 -DDEBUG -DUSE_HAL_DRIVER -DSTM32G431xx -c -I../Core/Inc -I../Drivers/STM32G4xx_HAL_Driver/Inc -I../Drivers/STM32G4xx_HAL_Driver/Inc/Legacy -I../Drivers/CMSIS/Device/ST/STM32G4xx/Include -I../Drivers/CMSIS/Include -I../USB_Device/App -I../USB_Device/Target -I../Middlewares/ST/STM32_USB_Device_Library/Core/Inc -I../Middlewares/ST/STM32_USB_Device_Library/Class/CDC/Inc -O0 -ffunction-sections -fdata-sections -Wall -fstack-usage -fcyclomatic-complexity -MMD -MP -MF"Core/Src/main.d" -MT"Core/Src/main.o" --specs=nano.specs -mfpu=fpv4-sp-d16 -mfloat-abi=hard -mthumb -o "Core/Src/main.o"
arm-none-eabi-gcc -o "ADCDENEM.elf" @"objects.list"   -mcpu=cortex-m4 -T"C:\Users\leagu\STM32CubeIDE\workspace_1.16.1\ADCDENEM\STM32G431CBUX_FLASH.ld" --specs=nosys.specs -Wl,-Map="ADCDENEM.map" -Wl,--gc-sections -static -u _printf_float --specs=nano.specs -mfpu=fpv4-sp-d16 -mfloat-abi=hard -mthumb -Wl,--start-group -lc -lm -Wl,--end-group
Finished building target: ADCDENEM.elf
 
arm-none-eabi-size  ADCDENEM.elf 
arm-none-eabi-objdump -h -S ADCDENEM.elf  > "ADCDENEM.list"
   text	   data	    bss	    dec	    hex	filename
  51088	    844	   6604	  58536	   e4a8	ADCDENEM.elf
Finished building: default.size.stdout
 
Finished building: ADCDENEM.list
 

22:15:59 Build Finished. 0 errors, 0 warnings. (took 1s.276ms)

