19:28:21 **** Incremental Build of configuration Debug for project gpio_ders1 ****
make -j4 all 
arm-none-eabi-gcc "../Core/Src/main.c" -mcpu=cortex-m4 -std=gnu11 -g3 -DDEBUG -DUSE_HAL_DRIVER -DSTM32G431xx -c -I../Core/Inc -I../Drivers/STM32G4xx_HAL_Driver/Inc -I../Drivers/STM32G4xx_HAL_Driver/Inc/Legacy -I../Drivers/CMSIS/Device/ST/STM32G4xx/Include -I../Drivers/CMSIS/Include -O0 -ffunction-sections -fdata-sections -Wall -fstack-usage -fcyclomatic-complexity -MMD -MP -MF"Core/Src/main.d" -MT"Core/Src/main.o" --specs=nano.specs -mfpu=fpv4-sp-d16 -mfloat-abi=hard -mthumb -o "Core/Src/main.o"
arm-none-eabi-gcc -o "gpio_ders1.elf" @"objects.list"   -mcpu=cortex-m4 -T"C:\Users\leagu\Documents\Embedded Systems\01_GPIO_DERS\STM32G431CBUX_FLASH.ld" --specs=nosys.specs -Wl,-Map="gpio_ders1.map" -Wl,--gc-sections -static --specs=nano.specs -mfpu=fpv4-sp-d16 -mfloat-abi=hard -mthumb -Wl,--start-group -lc -lm -Wl,--end-group
Finished building target: gpio_ders1.elf
 
arm-none-eabi-size  gpio_ders1.elf 
arm-none-eabi-objdump -h -S gpio_ders1.elf  > "gpio_ders1.list"
   text	   data	    bss	    dec	    hex	filename
   5568	     12	   1572	   7152	   1bf0	gpio_ders1.elf
Finished building: default.size.stdout
 
Finished building: gpio_ders1.list
 

19:28:22 Build Finished. 0 errors, 0 warnings. (took 937ms)

